// Jest Snapshot v1, https://goo.gl/fbAQLP

exports[`FitImage renders without errors 1`] = `
<View
  style={
    Array [
      undefined,
      undefined,
      Object {
        "height": 0,
      },
      Object {
        "alignItems": "center",
        "justifyContent": "center",
      },
    ]
  }
>
  <Image
    onLayout={[Function]}
    onLoad={[Function]}
    onLoadStart={[Function]}
    source={
      Object {
        "uri": "https://facebook.github.io/react-native/docs/assets/favicon.png",
      }
    }
    style={
      Array [
        Object {
          "bottom": 0,
          "left": 0,
          "position": "absolute",
          "right": 0,
          "top": 0,
        },
        Object {
          "height": undefined,
          "width": undefined,
        },
        undefined,
      ]
    }
  />
</View>
`;
